GAMS 30.1.0  re01a340 Released Jan 10, 2020 WEX-WEI x86 64bit/MS Windows                                                                                                                                                               01/18/20 09:58:34 Page 1
G e n e r a l   A l g e b r a i c   M o d e l i n g   S y s t e m
C o m p i l a t i o n


   1  Sets
   2        i   canning plants
   3        j   markets
   4   
   5   Parameters
   6        a(i)   capacity of plant i in cases
   7        b(j)   demand at market j in cases
   8        d(i,j) distance in thousands of miles
   9   Scalar f  freight in dollars per case per thousand miles;
  10   
GDXIN   F:\gams-java\Transport3\_gams_java_gdb5.gdx
--- LOAD  i = 1:i
--- LOAD  j = 2:j
--- LOAD  a = 3:a
--- LOAD  b = 4:b
--- LOAD  d = 5:d
--- LOAD  f = 6:f
  15   
  16   Parameter c(i,j)  transport cost in thousands of dollars per case ;
  17   
  18              c(i,j) = f * d(i,j) / 1000 ;
  19   
  20   Variables
  21         x(i,j)  shipment quantities in cases
  22         z       total transportation costs in thousands of dollars ;
  23   
  24   Positive Variable x ;
  25   
  26   Equations
  27   
  28        cost        define objective function
  29        supply(i)   observe supply limit at plant i
  30        demand(j)   satisfy demand at market j ;
  31   
  32    cost ..        z  =e=  sum((i,j), c(i,j)*x(i,j)) ;
  33   
  34    supply(i) ..   sum(j, x(i,j))  =l=  a(i) ;
  35   
  36    demand(j) ..   sum(i, x(i,j))  =g=  b(j) ;
  37   
  38   Model transport /all/ ;
  39   
  40   Solve transport using lp minimizing z ;
  41   
  42   Display x.l, x.m ;
  43   
GAMS 30.1.0  re01a340 Released Jan 10, 2020 WEX-WEI x86 64bit/MS Windows                                                                                                                                                               01/18/20 09:58:34 Page 2
G e n e r a l   A l g e b r a i c   M o d e l i n g   S y s t e m
Include File Summary


   SEQ   GLOBAL TYPE      PARENT   LOCAL  FILENAME

     1        1 INPUT          0       0  F:\gams-java\Transport3\_gams_java_gjo4.gms
     2       12 GDXIN          1      12  F:\gams-java\Transport3\_gams_java_gdb5.gdx


COMPILATION TIME     =        0.000 SECONDS      3 MB  30.1.0 re01a340 WEX-WEI
GAMS 30.1.0  re01a340 Released Jan 10, 2020 WEX-WEI x86 64bit/MS Windows                                                                                                                                                               01/18/20 09:58:34 Page 3
G e n e r a l   A l g e b r a i c   M o d e l i n g   S y s t e m
Equation Listing    SOLVE transport Using LP From line 40


---- cost  =E=  define objective function

cost..  - 0.225*x(seattle,new-york) - 0.153*x(seattle,chicago) - 0.162*x(seattle,topeka) - 0.225*x(san-diego,new-york) - 0.162*x(san-diego,chicago) - 0.126*x(san-diego,topeka) + z =E= 0 ; (LHS = 0)
     

---- supply  =L=  observe supply limit at plant i

supply(seattle)..  x(seattle,new-york) + x(seattle,chicago) + x(seattle,topeka) =L= 350 ; (LHS = 0)
     
supply(san-diego)..  x(san-diego,new-york) + x(san-diego,chicago) + x(san-diego,topeka) =L= 600 ; (LHS = 0)
     

---- demand  =G=  satisfy demand at market j

demand(new-york)..  x(seattle,new-york) + x(san-diego,new-york) =G= 325 ; (LHS = 0, INFES = 325 ****)
     
demand(chicago)..  x(seattle,chicago) + x(san-diego,chicago) =G= 300 ; (LHS = 0, INFES = 300 ****)
     
demand(topeka)..  x(seattle,topeka) + x(san-diego,topeka) =G= 275 ; (LHS = 0, INFES = 275 ****)
     
GAMS 30.1.0  re01a340 Released Jan 10, 2020 WEX-WEI x86 64bit/MS Windows                                                                                                                                                               01/18/20 09:58:34 Page 4
G e n e r a l   A l g e b r a i c   M o d e l i n g   S y s t e m
Column Listing      SOLVE transport Using LP From line 40


---- x  shipment quantities in cases

x(seattle,new-york)
                (.LO, .L, .UP, .M = 0, 0, +INF, 0)
       -0.225   cost
        1       supply(seattle)
        1       demand(new-york)

x(seattle,chicago)
                (.LO, .L, .UP, .M = 0, 0, +INF, 0)
       -0.153   cost
        1       supply(seattle)
        1       demand(chicago)

x(seattle,topeka)
                (.LO, .L, .UP, .M = 0, 0, +INF, 0)
       -0.162   cost
        1       supply(seattle)
        1       demand(topeka)

REMAINING 3 ENTRIES SKIPPED

---- z  total transportation costs in thousands of dollars

z
                (.LO, .L, .UP, .M = -INF, 0, +INF, 0)
        1       cost

GAMS 30.1.0  re01a340 Released Jan 10, 2020 WEX-WEI x86 64bit/MS Windows                                                                                                                                                               01/18/20 09:58:34 Page 5
G e n e r a l   A l g e b r a i c   M o d e l i n g   S y s t e m
Model Statistics    SOLVE transport Using LP From line 40


MODEL STATISTICS

BLOCKS OF EQUATIONS           3     SINGLE EQUATIONS            6
BLOCKS OF VARIABLES           2     SINGLE VARIABLES            7
NON ZERO ELEMENTS            19


GENERATION TIME      =        0.031 SECONDS      4 MB  30.1.0 re01a340 WEX-WEI


EXECUTION TIME       =        0.031 SECONDS      4 MB  30.1.0 re01a340 WEX-WEI
GAMS 30.1.0  re01a340 Released Jan 10, 2020 WEX-WEI x86 64bit/MS Windows                                                                                                                                                               01/18/20 09:58:34 Page 6
G e n e r a l   A l g e b r a i c   M o d e l i n g   S y s t e m
Solution Report     SOLVE transport Using LP From line 40


               S O L V E      S U M M A R Y

     MODEL   transport           OBJECTIVE  z
     TYPE    LP                  DIRECTION  MINIMIZE
     SOLVER  CPLEX               FROM LINE  40

**** SOLVER STATUS     1 Normal Completion         
**** MODEL STATUS      1 Optimal                   
**** OBJECTIVE VALUE              153.6750

 RESOURCE USAGE, LIMIT          0.000      1000.000
 ITERATION COUNT, LIMIT         4    2000000000

IBM ILOG CPLEX   30.1.0 re01a340 Released Jan 10, 2020 WEI x86 64bit/MS Window
*** This solver runs with a demo license. No commercial use.
Cplex 12.10.0.0

Space for names approximately 0.00 Mb
Use option 'names no' to turn use of names off
LP status(1): optimal
Cplex Time: 0.00sec (det. 0.01 ticks)
Optimal solution found.
Objective :         153.675000


                           LOWER          LEVEL          UPPER         MARGINAL

---- EQU cost                .              .              .             1.0000      

  cost  define objective function

---- EQU supply  observe supply limit at plant i

                 LOWER          LEVEL          UPPER         MARGINAL

seattle          -INF          350.0000       350.0000         EPS         
san-diego        -INF          550.0000       600.0000          .          

---- EQU demand  satisfy demand at market j

                LOWER          LEVEL          UPPER         MARGINAL

new-york       325.0000       325.0000        +INF            0.2250      
chicago        300.0000       300.0000        +INF            0.1530      
topeka         275.0000       275.0000        +INF            0.1260      

---- VAR x  shipment quantities in cases

                          LOWER          LEVEL          UPPER         MARGINAL

seattle  .new-york          .            50.0000        +INF             .          
seattle  .chicago           .           300.0000        +INF             .          
seattle  .topeka            .              .            +INF            0.0360      
GAMS 30.1.0  re01a340 Released Jan 10, 2020 WEX-WEI x86 64bit/MS Windows                                                                                                                                                               01/18/20 09:58:34 Page 7
G e n e r a l   A l g e b r a i c   M o d e l i n g   S y s t e m
Solution Report     SOLVE transport Using LP From line 40


     VAR x  shipment quantities in cases

                          LOWER          LEVEL          UPPER         MARGINAL

san-diego.new-york          .           275.0000        +INF             .          
san-diego.chicago           .              .            +INF            0.0090      
san-diego.topeka            .           275.0000        +INF             .          

                           LOWER          LEVEL          UPPER         MARGINAL

---- VAR z                 -INF          153.6750        +INF             .          

  z  total transportation costs in thousands of dollars


**** REPORT SUMMARY :        0     NONOPT
                             0 INFEASIBLE
                             0  UNBOUNDED
GAMS 30.1.0  re01a340 Released Jan 10, 2020 WEX-WEI x86 64bit/MS Windows                                                                                                                                                               01/18/20 09:58:34 Page 8
G e n e r a l   A l g e b r a i c   M o d e l i n g   S y s t e m
E x e c u t i o n


----     42 VARIABLE x.L  shipment quantities in cases

             new-york     chicago      topeka

seattle        50.000     300.000
san-diego     275.000                 275.000


----     42 VARIABLE x.M  shipment quantities in cases

              chicago      topeka

seattle                     0.036
san-diego       0.009



EXECUTION TIME       =        0.016 SECONDS      3 MB  30.1.0 re01a340 WEX-WEI


USER: GAMS Demo license for kuzank danxiaogui        G200117|0002CO-GEN
      develop, China                                           DL000160


**** FILE SUMMARY

Input      F:\gams-java\Transport3\_gams_java_gjo4.gms
Output     F:\gams-java\Transport3\_gams_java_gjo4.lst
