GAMS 30.1.0  re01a340 Released Jan 10, 2020 WEX-WEI x86 64bit/MS Windows                                                                                                                                                               01/18/20 09:58:33 Page 1
G e n e r a l   A l g e b r a i c   M o d e l i n g   S y s t e m
C o m p i l a t i o n


   1  Sets
   2    i   canning plants   / seattle, san-diego /
   3    j   markets          / new-york, chicago, topeka / ;
   4  Parameters
   5   
   6    a(i)  capacity of plant i in cases
   7                       /    seattle     350
   8                            san-diego   600  /
   9   
  10    b(j)  demand at market j in cases
  11                       /    new-york    325
  12                            chicago     300
  13                            topeka      275  / ;
  14   
  15  Table d(i,j)  distance in thousands of miles
  16                 new-york       chicago      topeka
  17    seattle          2.5           1.7          1.8
  18    san-diego        2.5           1.8          1.4  ;
  19   
  20  Scalar f  freight in dollars per case per thousand miles  /90/ ;
  21   


COMPILATION TIME     =        0.000 SECONDS      3 MB  30.1.0 re01a340 WEX-WEI


EXECUTION TIME       =        0.000 SECONDS      3 MB  30.1.0 re01a340 WEX-WEI


USER: GAMS Demo license for kuzank danxiaogui        G200117|0002CO-GEN
      develop, China                                           DL000160


**** FILE SUMMARY

Input      F:\gams-java\Transport3\_gams_java_gjo1.gms
Output     F:\gams-java\Transport3\_gams_java_gjo1.lst
